c:\users\alexis-pc\onedrive\documentos\universidad\courses\programacion_orientada_a_objetos\ejerciciospoo2026-2\ejercicio_geotech\geotechpersistance\x64\debug\geotechpersistance.pch
c:\users\alexis-pc\onedrive\documentos\universidad\courses\programacion_orientada_a_objetos\ejerciciospoo2026-2\ejercicio_geotech\geotechpersistance\x64\debug\vc145.pdb
c:\users\alexis-pc\onedrive\documentos\universidad\courses\programacion_orientada_a_objetos\ejerciciospoo2026-2\ejercicio_geotech\geotechpersistance\x64\debug\pch.obj
c:\users\alexis-pc\onedrive\documentos\universidad\courses\programacion_orientada_a_objetos\ejerciciospoo2026-2\ejercicio_geotech\geotechpersistance\x64\debug\geotechpersistance.obj
c:\users\alexis-pc\onedrive\documentos\universidad\courses\programacion_orientada_a_objetos\ejerciciospoo2026-2\ejercicio_geotech\geotechpersistance\x64\debug\assemblyinfo.obj
c:\users\alexis-pc\onedrive\documentos\universidad\courses\programacion_orientada_a_objetos\ejerciciospoo2026-2\ejercicio_geotech\geotechpersistance\x64\debug\.netframework,version=v4.7.2.assemblyattributes.obj
c:\users\alexis-pc\onedrive\documentos\universidad\courses\programacion_orientada_a_objetos\ejerciciospoo2026-2\ejercicio_geotech\x64\debug\geotechpersistance.dll
c:\users\alexis-pc\onedrive\documentos\universidad\courses\programacion_orientada_a_objetos\ejerciciospoo2026-2\ejercicio_geotech\x64\debug\geotechpersistance.pdb
c:\users\alexis-pc\onedrive\documentos\universidad\courses\programacion_orientada_a_objetos\ejerciciospoo2026-2\ejercicio_geotech\geotechpersistance\x64\debug\app.res
c:\users\alexis-pc\onedrive\documentos\universidad\courses\programacion_orientada_a_objetos\ejerciciospoo2026-2\ejercicio_geotech\geotechpersistance\x64\debug\geotechp.9f93d3c1.tlog\cl.command.1.tlog
c:\users\alexis-pc\onedrive\documentos\universidad\courses\programacion_orientada_a_objetos\ejerciciospoo2026-2\ejercicio_geotech\geotechpersistance\x64\debug\geotechp.9f93d3c1.tlog\cl.items.tlog
c:\users\alexis-pc\onedrive\documentos\universidad\courses\programacion_orientada_a_objetos\ejerciciospoo2026-2\ejercicio_geotech\geotechpersistance\x64\debug\geotechp.9f93d3c1.tlog\cl.read.1.tlog
c:\users\alexis-pc\onedrive\documentos\universidad\courses\programacion_orientada_a_objetos\ejerciciospoo2026-2\ejercicio_geotech\geotechpersistance\x64\debug\geotechp.9f93d3c1.tlog\cl.write.1.tlog
c:\users\alexis-pc\onedrive\documentos\universidad\courses\programacion_orientada_a_objetos\ejerciciospoo2026-2\ejercicio_geotech\geotechpersistance\x64\debug\geotechp.9f93d3c1.tlog\link.command.1.tlog
c:\users\alexis-pc\onedrive\documentos\universidad\courses\programacion_orientada_a_objetos\ejerciciospoo2026-2\ejercicio_geotech\geotechpersistance\x64\debug\geotechp.9f93d3c1.tlog\link.read.1.tlog
c:\users\alexis-pc\onedrive\documentos\universidad\courses\programacion_orientada_a_objetos\ejerciciospoo2026-2\ejercicio_geotech\geotechpersistance\x64\debug\geotechp.9f93d3c1.tlog\link.secondary.1.tlog
c:\users\alexis-pc\onedrive\documentos\universidad\courses\programacion_orientada_a_objetos\ejerciciospoo2026-2\ejercicio_geotech\geotechpersistance\x64\debug\geotechp.9f93d3c1.tlog\link.write.1.tlog
c:\users\alexis-pc\onedrive\documentos\universidad\courses\programacion_orientada_a_objetos\ejerciciospoo2026-2\ejercicio_geotech\geotechpersistance\x64\debug\geotechp.9f93d3c1.tlog\metagen.read.1.tlog
c:\users\alexis-pc\onedrive\documentos\universidad\courses\programacion_orientada_a_objetos\ejerciciospoo2026-2\ejercicio_geotech\geotechpersistance\x64\debug\geotechp.9f93d3c1.tlog\metagen.write.1.tlog
c:\users\alexis-pc\onedrive\documentos\universidad\courses\programacion_orientada_a_objetos\ejerciciospoo2026-2\ejercicio_geotech\geotechpersistance\x64\debug\geotechp.9f93d3c1.tlog\rc.command.1.tlog
c:\users\alexis-pc\onedrive\documentos\universidad\courses\programacion_orientada_a_objetos\ejerciciospoo2026-2\ejercicio_geotech\geotechpersistance\x64\debug\geotechp.9f93d3c1.tlog\rc.read.1.tlog
c:\users\alexis-pc\onedrive\documentos\universidad\courses\programacion_orientada_a_objetos\ejerciciospoo2026-2\ejercicio_geotech\geotechpersistance\x64\debug\geotechp.9f93d3c1.tlog\rc.write.1.tlog
