c:\users\alexis-pc\onedrive\documentos\universidad\courses\programacion_orientada_a_objetos\ejerciciospoo2026-2\ejercicio_geotech\geotechcontroller\x64\debug\geotechcontroller.pch
c:\users\alexis-pc\onedrive\documentos\universidad\courses\programacion_orientada_a_objetos\ejerciciospoo2026-2\ejercicio_geotech\geotechcontroller\x64\debug\vc145.pdb
c:\users\alexis-pc\onedrive\documentos\universidad\courses\programacion_orientada_a_objetos\ejerciciospoo2026-2\ejercicio_geotech\geotechcontroller\x64\debug\pch.obj
c:\users\alexis-pc\onedrive\documentos\universidad\courses\programacion_orientada_a_objetos\ejerciciospoo2026-2\ejercicio_geotech\geotechcontroller\x64\debug\geotechcontroller.obj
c:\users\alexis-pc\onedrive\documentos\universidad\courses\programacion_orientada_a_objetos\ejerciciospoo2026-2\ejercicio_geotech\geotechcontroller\x64\debug\assemblyinfo.obj
c:\users\alexis-pc\onedrive\documentos\universidad\courses\programacion_orientada_a_objetos\ejerciciospoo2026-2\ejercicio_geotech\geotechcontroller\x64\debug\.netframework,version=v4.7.2.assemblyattributes.obj
c:\users\alexis-pc\onedrive\documentos\universidad\courses\programacion_orientada_a_objetos\ejerciciospoo2026-2\ejercicio_geotech\x64\debug\geotechcontroller.dll
c:\users\alexis-pc\onedrive\documentos\universidad\courses\programacion_orientada_a_objetos\ejerciciospoo2026-2\ejercicio_geotech\x64\debug\geotechcontroller.pdb
c:\users\alexis-pc\onedrive\documentos\universidad\courses\programacion_orientada_a_objetos\ejerciciospoo2026-2\ejercicio_geotech\geotechcontroller\x64\debug\app.res
c:\users\alexis-pc\onedrive\documentos\universidad\courses\programacion_orientada_a_objetos\ejerciciospoo2026-2\ejercicio_geotech\geotechcontroller\x64\debug\geotechc.3550df8c.tlog\cl.command.1.tlog
c:\users\alexis-pc\onedrive\documentos\universidad\courses\programacion_orientada_a_objetos\ejerciciospoo2026-2\ejercicio_geotech\geotechcontroller\x64\debug\geotechc.3550df8c.tlog\cl.items.tlog
c:\users\alexis-pc\onedrive\documentos\universidad\courses\programacion_orientada_a_objetos\ejerciciospoo2026-2\ejercicio_geotech\geotechcontroller\x64\debug\geotechc.3550df8c.tlog\cl.read.1.tlog
c:\users\alexis-pc\onedrive\documentos\universidad\courses\programacion_orientada_a_objetos\ejerciciospoo2026-2\ejercicio_geotech\geotechcontroller\x64\debug\geotechc.3550df8c.tlog\cl.write.1.tlog
c:\users\alexis-pc\onedrive\documentos\universidad\courses\programacion_orientada_a_objetos\ejerciciospoo2026-2\ejercicio_geotech\geotechcontroller\x64\debug\geotechc.3550df8c.tlog\link.command.1.tlog
c:\users\alexis-pc\onedrive\documentos\universidad\courses\programacion_orientada_a_objetos\ejerciciospoo2026-2\ejercicio_geotech\geotechcontroller\x64\debug\geotechc.3550df8c.tlog\link.read.1.tlog
c:\users\alexis-pc\onedrive\documentos\universidad\courses\programacion_orientada_a_objetos\ejerciciospoo2026-2\ejercicio_geotech\geotechcontroller\x64\debug\geotechc.3550df8c.tlog\link.secondary.1.tlog
c:\users\alexis-pc\onedrive\documentos\universidad\courses\programacion_orientada_a_objetos\ejerciciospoo2026-2\ejercicio_geotech\geotechcontroller\x64\debug\geotechc.3550df8c.tlog\link.write.1.tlog
c:\users\alexis-pc\onedrive\documentos\universidad\courses\programacion_orientada_a_objetos\ejerciciospoo2026-2\ejercicio_geotech\geotechcontroller\x64\debug\geotechc.3550df8c.tlog\metagen.read.1.tlog
c:\users\alexis-pc\onedrive\documentos\universidad\courses\programacion_orientada_a_objetos\ejerciciospoo2026-2\ejercicio_geotech\geotechcontroller\x64\debug\geotechc.3550df8c.tlog\metagen.write.1.tlog
c:\users\alexis-pc\onedrive\documentos\universidad\courses\programacion_orientada_a_objetos\ejerciciospoo2026-2\ejercicio_geotech\geotechcontroller\x64\debug\geotechc.3550df8c.tlog\rc.command.1.tlog
c:\users\alexis-pc\onedrive\documentos\universidad\courses\programacion_orientada_a_objetos\ejerciciospoo2026-2\ejercicio_geotech\geotechcontroller\x64\debug\geotechc.3550df8c.tlog\rc.read.1.tlog
c:\users\alexis-pc\onedrive\documentos\universidad\courses\programacion_orientada_a_objetos\ejerciciospoo2026-2\ejercicio_geotech\geotechcontroller\x64\debug\geotechc.3550df8c.tlog\rc.write.1.tlog
